<ete:TopologicalErrors xmlns:ete="http://www.interactive-instruments.de/etf/topology-error/1.0" name="Tatsaechliche_Nutzung">
    <!-- No errors -->
</ete:TopologicalErrors>
